// Jest Snapshot v1, https://goo.gl/fbAQLP

exports[`Profile renders correctly 1`] = `
<View
  style={
    Array [
      Object {
        "flexDirection": "column",
      },
      false,
      Object {
        "flex": 1,
      },
      false,
      false,
      false,
      false,
      false,
      false,
      null,
      false,
      false,
      false,
      null,
      null,
      null,
      Object {
        "marginBottom": -196,
        "marginTop": 0,
      },
    ]
  }
  theme={
    Object {
      "COLORS": Object {
        "ACTIVE": "#9C26B0",
        "BLACK": "#000000",
        "BLOCK": "#E7E7E7",
        "BORDER_COLOR": "#E7E7E7",
        "BUTTON_COLOR": "#9C26B0",
        "DEFAULT": "#DCDCDC",
        "DRIBBBLE": "#EA4C89",
        "ERROR": "#F44336",
        "FACEBOOK": "#3B5998",
        "GRADIENT_END": "#AC2688",
        "GRADIENT_START": "#6B24AA",
        "GREY": "#898989",
        "ICON": "#4A4A4A",
        "INFO": "#00BCD4",
        "INPUT": "#DCDCDC",
        "LABEL": "#FE2472",
        "MUTED": "#979797",
        "NAVBAR": "#F9F9F9",
        "NEUTRAL": "rgba(255,255,255, 0.65)",
        "PLACEHOLDER": "#9FA5AA",
        "PRICE_COLOR": "#EAD5FB",
        "PRIMARY": "#9C26B0",
        "SUCCESS": "#4CAF50",
        "SWITCH_OFF": "#D4D9DD",
        "SWITCH_ON": "#9C26B0",
        "THEME": "#B23AFC",
        "TRANSPARENT": "transparent",
        "TWITTER": "#5BC0DE",
        "WARNING": "#FF9800",
        "WHITE": "#FFFFFF",
      },
      "SIZES": Object {
        "ANDROID_ELEVATION": 1,
        "BASE": 16,
        "BLOCK_SHADOW_OPACITY": 0.15,
        "BLOCK_SHADOW_RADIUS": 2,
        "BORDER_RADIUS": 6,
        "BORDER_WIDTH": 0.8,
        "BUTTON_HEIGHT": 44,
        "BUTTON_SHADOW_RADIUS": 10,
        "BUTTON_WIDTH": 144,
        "CARD_AVATAR_HEIGHT": 40,
        "CARD_AVATAR_RADIUS": 20,
        "CARD_AVATAR_WIDTH": 40,
        "CARD_BORDER_RADIUS": 6.4,
        "CARD_BORDER_WIDTH": 0.8,
        "CARD_FOOTER_HORIZONTAL": 12,
        "CARD_FOOTER_VERTICAL": 12,
        "CARD_IMAGE_HEIGHT": 200,
        "CARD_MARGIN_VERTICAL": 14,
        "CARD_ROUND": 3,
        "CARD_ROUNDED": 8,
        "CARD_WIDTH": 718,
        "CHECKBOX_HEIGHT": 20,
        "CHECKBOX_WIDTH": 20,
        "FONT": 16,
        "ICON": 16,
        "INPUT_BORDER_RADIUS": 8,
        "INPUT_BORDER_WIDTH": 0.8,
        "INPUT_HEIGHT": 44,
        "INPUT_HELP_TEXT": 12.8,
        "INPUT_HORIZONTAL": 16,
        "INPUT_LABEL_BOTTOM": 4,
        "INPUT_LABEL_TEXT": 14.4,
        "INPUT_ROUNDED": 27.2,
        "INPUT_TEXT": 14,
        "NAVBAR_HEIGHT": 66,
        "NAVBAR_LEFT_FLEX": 0.5,
        "NAVBAR_LEFT_HEIGHT": 93.38000000000001,
        "NAVBAR_LEFT_MARGIN": 16,
        "NAVBAR_RIGHT_FLEX": 0.5,
        "NAVBAR_RIGHT_HEIGHT": 93.38000000000001,
        "NAVBAR_RIGHT_MARGIN": 16,
        "NAVBAR_TITLE_FLEX": 2,
        "NAVBAR_TITLE_HEIGHT": 93.38000000000001,
        "NAVBAR_TITLE_TEXT": 14,
        "NAVBAR_VERTICAL": 16,
        "OPACITY": 0.8,
        "RADIO_HEIGHT": 24,
        "RADIO_THICKNESS": 2,
        "RADIO_WIDTH": 24,
        "THUMB_SIZE": 25,
        "TRACK_SIZE": 4,
      },
    }
  }
>
  <View
    style={
      Array [
        Object {
          "flexDirection": "column",
        },
        false,
        Object {
          "flex": 1,
        },
        false,
        false,
        false,
        false,
        false,
        false,
        null,
        false,
        false,
        false,
        null,
        null,
        null,
        undefined,
      ]
    }
    theme={
      Object {
        "COLORS": Object {
          "ACTIVE": "#9C26B0",
          "BLACK": "#000000",
          "BLOCK": "#E7E7E7",
          "BORDER_COLOR": "#E7E7E7",
          "BUTTON_COLOR": "#9C26B0",
          "DEFAULT": "#DCDCDC",
          "DRIBBBLE": "#EA4C89",
          "ERROR": "#F44336",
          "FACEBOOK": "#3B5998",
          "GRADIENT_END": "#AC2688",
          "GRADIENT_START": "#6B24AA",
          "GREY": "#898989",
          "ICON": "#4A4A4A",
          "INFO": "#00BCD4",
          "INPUT": "#DCDCDC",
          "LABEL": "#FE2472",
          "MUTED": "#979797",
          "NAVBAR": "#F9F9F9",
          "NEUTRAL": "rgba(255,255,255, 0.65)",
          "PLACEHOLDER": "#9FA5AA",
          "PRICE_COLOR": "#EAD5FB",
          "PRIMARY": "#9C26B0",
          "SUCCESS": "#4CAF50",
          "SWITCH_OFF": "#D4D9DD",
          "SWITCH_ON": "#9C26B0",
          "THEME": "#B23AFC",
          "TRANSPARENT": "transparent",
          "TWITTER": "#5BC0DE",
          "WARNING": "#FF9800",
          "WHITE": "#FFFFFF",
        },
        "SIZES": Object {
          "ANDROID_ELEVATION": 1,
          "BASE": 16,
          "BLOCK_SHADOW_OPACITY": 0.15,
          "BLOCK_SHADOW_RADIUS": 2,
          "BORDER_RADIUS": 6,
          "BORDER_WIDTH": 0.8,
          "BUTTON_HEIGHT": 44,
          "BUTTON_SHADOW_RADIUS": 10,
          "BUTTON_WIDTH": 144,
          "CARD_AVATAR_HEIGHT": 40,
          "CARD_AVATAR_RADIUS": 20,
          "CARD_AVATAR_WIDTH": 40,
          "CARD_BORDER_RADIUS": 6.4,
          "CARD_BORDER_WIDTH": 0.8,
          "CARD_FOOTER_HORIZONTAL": 12,
          "CARD_FOOTER_VERTICAL": 12,
          "CARD_IMAGE_HEIGHT": 200,
          "CARD_MARGIN_VERTICAL": 14,
          "CARD_ROUND": 3,
          "CARD_ROUNDED": 8,
          "CARD_WIDTH": 718,
          "CHECKBOX_HEIGHT": 20,
          "CHECKBOX_WIDTH": 20,
          "FONT": 16,
          "ICON": 16,
          "INPUT_BORDER_RADIUS": 8,
          "INPUT_BORDER_WIDTH": 0.8,
          "INPUT_HEIGHT": 44,
          "INPUT_HELP_TEXT": 12.8,
          "INPUT_HORIZONTAL": 16,
          "INPUT_LABEL_BOTTOM": 4,
          "INPUT_LABEL_TEXT": 14.4,
          "INPUT_ROUNDED": 27.2,
          "INPUT_TEXT": 14,
          "NAVBAR_HEIGHT": 66,
          "NAVBAR_LEFT_FLEX": 0.5,
          "NAVBAR_LEFT_HEIGHT": 93.38000000000001,
          "NAVBAR_LEFT_MARGIN": 16,
          "NAVBAR_RIGHT_FLEX": 0.5,
          "NAVBAR_RIGHT_HEIGHT": 93.38000000000001,
          "NAVBAR_RIGHT_MARGIN": 16,
          "NAVBAR_TITLE_FLEX": 2,
          "NAVBAR_TITLE_HEIGHT": 93.38000000000001,
          "NAVBAR_TITLE_TEXT": 14,
          "NAVBAR_VERTICAL": 16,
          "OPACITY": 0.8,
          "RADIO_HEIGHT": 24,
          "RADIO_THICKNESS": 2,
          "RADIO_WIDTH": 24,
          "THUMB_SIZE": 25,
          "TRACK_SIZE": 4,
        },
      }
    }
  >
    <View
      accessibilityIgnoresInvertColors={true}
      style={
        Object {
          "height": 667,
          "width": 750,
        }
      }
    >
      <Image
        source={
          Object {
            "uri": "https://images.unsplash.com/photo-1512529920731-e8abaea917a5?fit=crop&w=840&q=80",
          }
        }
        style={
          Array [
            Object {
              "bottom": 0,
              "left": 0,
              "position": "absolute",
              "right": 0,
              "top": 0,
            },
            Object {
              "height": 667,
              "width": 750,
            },
            Object {
              "height": "auto",
              "width": 825.0000000000001,
            },
          ]
        }
      />
      <View
        style={
          Array [
            Object {
              "flexDirection": "column",
            },
            false,
            Object {
              "flex": 1,
            },
            false,
            false,
            false,
            false,
            false,
            false,
            null,
            false,
            false,
            false,
            null,
            null,
            null,
            Object {
              "justifyContent": "flex-end",
              "paddingTop": 64,
              "position": "relative",
            },
          ]
        }
        theme={
          Object {
            "COLORS": Object {
              "ACTIVE": "#9C26B0",
              "BLACK": "#000000",
              "BLOCK": "#E7E7E7",
              "BORDER_COLOR": "#E7E7E7",
              "BUTTON_COLOR": "#9C26B0",
              "DEFAULT": "#DCDCDC",
              "DRIBBBLE": "#EA4C89",
              "ERROR": "#F44336",
              "FACEBOOK": "#3B5998",
              "GRADIENT_END": "#AC2688",
              "GRADIENT_START": "#6B24AA",
              "GREY": "#898989",
              "ICON": "#4A4A4A",
              "INFO": "#00BCD4",
              "INPUT": "#DCDCDC",
              "LABEL": "#FE2472",
              "MUTED": "#979797",
              "NAVBAR": "#F9F9F9",
              "NEUTRAL": "rgba(255,255,255, 0.65)",
              "PLACEHOLDER": "#9FA5AA",
              "PRICE_COLOR": "#EAD5FB",
              "PRIMARY": "#9C26B0",
              "SUCCESS": "#4CAF50",
              "SWITCH_OFF": "#D4D9DD",
              "SWITCH_ON": "#9C26B0",
              "THEME": "#B23AFC",
              "TRANSPARENT": "transparent",
              "TWITTER": "#5BC0DE",
              "WARNING": "#FF9800",
              "WHITE": "#FFFFFF",
            },
            "SIZES": Object {
              "ANDROID_ELEVATION": 1,
              "BASE": 16,
              "BLOCK_SHADOW_OPACITY": 0.15,
              "BLOCK_SHADOW_RADIUS": 2,
              "BORDER_RADIUS": 6,
              "BORDER_WIDTH": 0.8,
              "BUTTON_HEIGHT": 44,
              "BUTTON_SHADOW_RADIUS": 10,
              "BUTTON_WIDTH": 144,
              "CARD_AVATAR_HEIGHT": 40,
              "CARD_AVATAR_RADIUS": 20,
              "CARD_AVATAR_WIDTH": 40,
              "CARD_BORDER_RADIUS": 6.4,
              "CARD_BORDER_WIDTH": 0.8,
              "CARD_FOOTER_HORIZONTAL": 12,
              "CARD_FOOTER_VERTICAL": 12,
              "CARD_IMAGE_HEIGHT": 200,
              "CARD_MARGIN_VERTICAL": 14,
              "CARD_ROUND": 3,
              "CARD_ROUNDED": 8,
              "CARD_WIDTH": 718,
              "CHECKBOX_HEIGHT": 20,
              "CHECKBOX_WIDTH": 20,
              "FONT": 16,
              "ICON": 16,
              "INPUT_BORDER_RADIUS": 8,
              "INPUT_BORDER_WIDTH": 0.8,
              "INPUT_HEIGHT": 44,
              "INPUT_HELP_TEXT": 12.8,
              "INPUT_HORIZONTAL": 16,
              "INPUT_LABEL_BOTTOM": 4,
              "INPUT_LABEL_TEXT": 14.4,
              "INPUT_ROUNDED": 27.2,
              "INPUT_TEXT": 14,
              "NAVBAR_HEIGHT": 66,
              "NAVBAR_LEFT_FLEX": 0.5,
              "NAVBAR_LEFT_HEIGHT": 93.38000000000001,
              "NAVBAR_LEFT_MARGIN": 16,
              "NAVBAR_RIGHT_FLEX": 0.5,
              "NAVBAR_RIGHT_HEIGHT": 93.38000000000001,
              "NAVBAR_RIGHT_MARGIN": 16,
              "NAVBAR_TITLE_FLEX": 2,
              "NAVBAR_TITLE_HEIGHT": 93.38000000000001,
              "NAVBAR_TITLE_TEXT": 14,
              "NAVBAR_VERTICAL": 16,
              "OPACITY": 0.8,
              "RADIO_HEIGHT": 24,
              "RADIO_THICKNESS": 2,
              "RADIO_WIDTH": 24,
              "THUMB_SIZE": 25,
              "TRACK_SIZE": 4,
            },
          }
        }
      >
        <View
          style={
            Array [
              Object {
                "flexDirection": "column",
              },
              false,
              false,
              false,
              false,
              false,
              false,
              false,
              false,
              null,
              false,
              false,
              false,
              null,
              null,
              null,
              Object {
                "paddingHorizontal": 32,
                "paddingVertical": 32,
                "zIndex": 2,
              },
            ]
          }
          theme={
            Object {
              "COLORS": Object {
                "ACTIVE": "#9C26B0",
                "BLACK": "#000000",
                "BLOCK": "#E7E7E7",
                "BORDER_COLOR": "#E7E7E7",
                "BUTTON_COLOR": "#9C26B0",
                "DEFAULT": "#DCDCDC",
                "DRIBBBLE": "#EA4C89",
                "ERROR": "#F44336",
                "FACEBOOK": "#3B5998",
                "GRADIENT_END": "#AC2688",
                "GRADIENT_START": "#6B24AA",
                "GREY": "#898989",
                "ICON": "#4A4A4A",
                "INFO": "#00BCD4",
                "INPUT": "#DCDCDC",
                "LABEL": "#FE2472",
                "MUTED": "#979797",
                "NAVBAR": "#F9F9F9",
                "NEUTRAL": "rgba(255,255,255, 0.65)",
                "PLACEHOLDER": "#9FA5AA",
                "PRICE_COLOR": "#EAD5FB",
                "PRIMARY": "#9C26B0",
                "SUCCESS": "#4CAF50",
                "SWITCH_OFF": "#D4D9DD",
                "SWITCH_ON": "#9C26B0",
                "THEME": "#B23AFC",
                "TRANSPARENT": "transparent",
                "TWITTER": "#5BC0DE",
                "WARNING": "#FF9800",
                "WHITE": "#FFFFFF",
              },
              "SIZES": Object {
                "ANDROID_ELEVATION": 1,
                "BASE": 16,
                "BLOCK_SHADOW_OPACITY": 0.15,
                "BLOCK_SHADOW_RADIUS": 2,
                "BORDER_RADIUS": 6,
                "BORDER_WIDTH": 0.8,
                "BUTTON_HEIGHT": 44,
                "BUTTON_SHADOW_RADIUS": 10,
                "BUTTON_WIDTH": 144,
                "CARD_AVATAR_HEIGHT": 40,
                "CARD_AVATAR_RADIUS": 20,
                "CARD_AVATAR_WIDTH": 40,
                "CARD_BORDER_RADIUS": 6.4,
                "CARD_BORDER_WIDTH": 0.8,
                "CARD_FOOTER_HORIZONTAL": 12,
                "CARD_FOOTER_VERTICAL": 12,
                "CARD_IMAGE_HEIGHT": 200,
                "CARD_MARGIN_VERTICAL": 14,
                "CARD_ROUND": 3,
                "CARD_ROUNDED": 8,
                "CARD_WIDTH": 718,
                "CHECKBOX_HEIGHT": 20,
                "CHECKBOX_WIDTH": 20,
                "FONT": 16,
                "ICON": 16,
                "INPUT_BORDER_RADIUS": 8,
                "INPUT_BORDER_WIDTH": 0.8,
                "INPUT_HEIGHT": 44,
                "INPUT_HELP_TEXT": 12.8,
                "INPUT_HORIZONTAL": 16,
                "INPUT_LABEL_BOTTOM": 4,
                "INPUT_LABEL_TEXT": 14.4,
                "INPUT_ROUNDED": 27.2,
                "INPUT_TEXT": 14,
                "NAVBAR_HEIGHT": 66,
                "NAVBAR_LEFT_FLEX": 0.5,
                "NAVBAR_LEFT_HEIGHT": 93.38000000000001,
                "NAVBAR_LEFT_MARGIN": 16,
                "NAVBAR_RIGHT_FLEX": 0.5,
                "NAVBAR_RIGHT_HEIGHT": 93.38000000000001,
                "NAVBAR_RIGHT_MARGIN": 16,
                "NAVBAR_TITLE_FLEX": 2,
                "NAVBAR_TITLE_HEIGHT": 93.38000000000001,
                "NAVBAR_TITLE_TEXT": 14,
                "NAVBAR_VERTICAL": 16,
                "OPACITY": 0.8,
                "RADIO_HEIGHT": 24,
                "RADIO_THICKNESS": 2,
                "RADIO_WIDTH": 24,
                "THUMB_SIZE": 25,
                "TRACK_SIZE": 4,
              },
            }
          }
        >
          <Text
            style={
              Array [
                false,
                false,
                false,
                false,
                false,
                false,
                false,
                undefined,
                Object {
                  "fontSize": 28,
                },
                Object {
                  "color": "white",
                },
                false,
                false,
                undefined,
                Object {
                  "paddingBottom": 8,
                },
              ]
            }
          >
            Rachel Brown
          </Text>
          <View
            style={
              Array [
                Object {
                  "flexDirection": "column",
                },
                Object {
                  "flexDirection": "row",
                },
                false,
                false,
                false,
                false,
                false,
                false,
                false,
                Object {
                  "justifyContent": "space-between",
                },
                false,
                false,
                false,
                null,
                null,
                null,
                undefined,
              ]
            }
            theme={
              Object {
                "COLORS": Object {
                  "ACTIVE": "#9C26B0",
                  "BLACK": "#000000",
                  "BLOCK": "#E7E7E7",
                  "BORDER_COLOR": "#E7E7E7",
                  "BUTTON_COLOR": "#9C26B0",
                  "DEFAULT": "#DCDCDC",
                  "DRIBBBLE": "#EA4C89",
                  "ERROR": "#F44336",
                  "FACEBOOK": "#3B5998",
                  "GRADIENT_END": "#AC2688",
                  "GRADIENT_START": "#6B24AA",
                  "GREY": "#898989",
                  "ICON": "#4A4A4A",
                  "INFO": "#00BCD4",
                  "INPUT": "#DCDCDC",
                  "LABEL": "#FE2472",
                  "MUTED": "#979797",
                  "NAVBAR": "#F9F9F9",
                  "NEUTRAL": "rgba(255,255,255, 0.65)",
                  "PLACEHOLDER": "#9FA5AA",
                  "PRICE_COLOR": "#EAD5FB",
                  "PRIMARY": "#9C26B0",
                  "SUCCESS": "#4CAF50",
                  "SWITCH_OFF": "#D4D9DD",
                  "SWITCH_ON": "#9C26B0",
                  "THEME": "#B23AFC",
                  "TRANSPARENT": "transparent",
                  "TWITTER": "#5BC0DE",
                  "WARNING": "#FF9800",
                  "WHITE": "#FFFFFF",
                },
                "SIZES": Object {
                  "ANDROID_ELEVATION": 1,
                  "BASE": 16,
                  "BLOCK_SHADOW_OPACITY": 0.15,
                  "BLOCK_SHADOW_RADIUS": 2,
                  "BORDER_RADIUS": 6,
                  "BORDER_WIDTH": 0.8,
                  "BUTTON_HEIGHT": 44,
                  "BUTTON_SHADOW_RADIUS": 10,
                  "BUTTON_WIDTH": 144,
                  "CARD_AVATAR_HEIGHT": 40,
                  "CARD_AVATAR_RADIUS": 20,
                  "CARD_AVATAR_WIDTH": 40,
                  "CARD_BORDER_RADIUS": 6.4,
                  "CARD_BORDER_WIDTH": 0.8,
                  "CARD_FOOTER_HORIZONTAL": 12,
                  "CARD_FOOTER_VERTICAL": 12,
                  "CARD_IMAGE_HEIGHT": 200,
                  "CARD_MARGIN_VERTICAL": 14,
                  "CARD_ROUND": 3,
                  "CARD_ROUNDED": 8,
                  "CARD_WIDTH": 718,
                  "CHECKBOX_HEIGHT": 20,
                  "CHECKBOX_WIDTH": 20,
                  "FONT": 16,
                  "ICON": 16,
                  "INPUT_BORDER_RADIUS": 8,
                  "INPUT_BORDER_WIDTH": 0.8,
                  "INPUT_HEIGHT": 44,
                  "INPUT_HELP_TEXT": 12.8,
                  "INPUT_HORIZONTAL": 16,
                  "INPUT_LABEL_BOTTOM": 4,
                  "INPUT_LABEL_TEXT": 14.4,
                  "INPUT_ROUNDED": 27.2,
                  "INPUT_TEXT": 14,
                  "NAVBAR_HEIGHT": 66,
                  "NAVBAR_LEFT_FLEX": 0.5,
                  "NAVBAR_LEFT_HEIGHT": 93.38000000000001,
                  "NAVBAR_LEFT_MARGIN": 16,
                  "NAVBAR_RIGHT_FLEX": 0.5,
                  "NAVBAR_RIGHT_HEIGHT": 93.38000000000001,
                  "NAVBAR_RIGHT_MARGIN": 16,
                  "NAVBAR_TITLE_FLEX": 2,
                  "NAVBAR_TITLE_HEIGHT": 93.38000000000001,
                  "NAVBAR_TITLE_TEXT": 14,
                  "NAVBAR_VERTICAL": 16,
                  "OPACITY": 0.8,
                  "RADIO_HEIGHT": 24,
                  "RADIO_THICKNESS": 2,
                  "RADIO_WIDTH": 24,
                  "THUMB_SIZE": 25,
                  "TRACK_SIZE": 4,
                },
              }
            }
          >
            <View
              style={
                Array [
                  Object {
                    "flexDirection": "column",
                  },
                  Object {
                    "flexDirection": "row",
                  },
                  false,
                  false,
                  false,
                  false,
                  false,
                  false,
                  false,
                  null,
                  false,
                  false,
                  false,
                  null,
                  null,
                  null,
                  undefined,
                ]
              }
              theme={
                Object {
                  "COLORS": Object {
                    "ACTIVE": "#9C26B0",
                    "BLACK": "#000000",
                    "BLOCK": "#E7E7E7",
                    "BORDER_COLOR": "#E7E7E7",
                    "BUTTON_COLOR": "#9C26B0",
                    "DEFAULT": "#DCDCDC",
                    "DRIBBBLE": "#EA4C89",
                    "ERROR": "#F44336",
                    "FACEBOOK": "#3B5998",
                    "GRADIENT_END": "#AC2688",
                    "GRADIENT_START": "#6B24AA",
                    "GREY": "#898989",
                    "ICON": "#4A4A4A",
                    "INFO": "#00BCD4",
                    "INPUT": "#DCDCDC",
                    "LABEL": "#FE2472",
                    "MUTED": "#979797",
                    "NAVBAR": "#F9F9F9",
                    "NEUTRAL": "rgba(255,255,255, 0.65)",
                    "PLACEHOLDER": "#9FA5AA",
                    "PRICE_COLOR": "#EAD5FB",
                    "PRIMARY": "#9C26B0",
                    "SUCCESS": "#4CAF50",
                    "SWITCH_OFF": "#D4D9DD",
                    "SWITCH_ON": "#9C26B0",
                    "THEME": "#B23AFC",
                    "TRANSPARENT": "transparent",
                    "TWITTER": "#5BC0DE",
                    "WARNING": "#FF9800",
                    "WHITE": "#FFFFFF",
                  },
                  "SIZES": Object {
                    "ANDROID_ELEVATION": 1,
                    "BASE": 16,
                    "BLOCK_SHADOW_OPACITY": 0.15,
                    "BLOCK_SHADOW_RADIUS": 2,
                    "BORDER_RADIUS": 6,
                    "BORDER_WIDTH": 0.8,
                    "BUTTON_HEIGHT": 44,
                    "BUTTON_SHADOW_RADIUS": 10,
                    "BUTTON_WIDTH": 144,
                    "CARD_AVATAR_HEIGHT": 40,
                    "CARD_AVATAR_RADIUS": 20,
                    "CARD_AVATAR_WIDTH": 40,
                    "CARD_BORDER_RADIUS": 6.4,
                    "CARD_BORDER_WIDTH": 0.8,
                    "CARD_FOOTER_HORIZONTAL": 12,
                    "CARD_FOOTER_VERTICAL": 12,
                    "CARD_IMAGE_HEIGHT": 200,
                    "CARD_MARGIN_VERTICAL": 14,
                    "CARD_ROUND": 3,
                    "CARD_ROUNDED": 8,
                    "CARD_WIDTH": 718,
                    "CHECKBOX_HEIGHT": 20,
                    "CHECKBOX_WIDTH": 20,
                    "FONT": 16,
                    "ICON": 16,
                    "INPUT_BORDER_RADIUS": 8,
                    "INPUT_BORDER_WIDTH": 0.8,
                    "INPUT_HEIGHT": 44,
                    "INPUT_HELP_TEXT": 12.8,
                    "INPUT_HORIZONTAL": 16,
                    "INPUT_LABEL_BOTTOM": 4,
                    "INPUT_LABEL_TEXT": 14.4,
                    "INPUT_ROUNDED": 27.2,
                    "INPUT_TEXT": 14,
                    "NAVBAR_HEIGHT": 66,
                    "NAVBAR_LEFT_FLEX": 0.5,
                    "NAVBAR_LEFT_HEIGHT": 93.38000000000001,
                    "NAVBAR_LEFT_MARGIN": 16,
                    "NAVBAR_RIGHT_FLEX": 0.5,
                    "NAVBAR_RIGHT_HEIGHT": 93.38000000000001,
                    "NAVBAR_RIGHT_MARGIN": 16,
                    "NAVBAR_TITLE_FLEX": 2,
                    "NAVBAR_TITLE_HEIGHT": 93.38000000000001,
                    "NAVBAR_TITLE_TEXT": 14,
                    "NAVBAR_VERTICAL": 16,
                    "OPACITY": 0.8,
                    "RADIO_HEIGHT": 24,
                    "RADIO_THICKNESS": 2,
                    "RADIO_WIDTH": 24,
                    "THUMB_SIZE": 25,
                    "TRACK_SIZE": 4,
                  },
                }
              }
            >
              <View
                style={
                  Array [
                    Object {
                      "flexDirection": "column",
                    },
                    false,
                    false,
                    false,
                    Object {
                      "alignItems": "center",
                      "justifyContent": "center",
                    },
                    false,
                    false,
                    false,
                    false,
                    null,
                    false,
                    false,
                    false,
                    null,
                    null,
                    null,
                    Object {
                      "backgroundColor": "#FE2472",
                      "borderRadius": 4,
                      "height": 19,
                      "marginRight": 8,
                      "paddingHorizontal": 6,
                      "width": 38,
                    },
                  ]
                }
                theme={
                  Object {
                    "COLORS": Object {
                      "ACTIVE": "#9C26B0",
                      "BLACK": "#000000",
                      "BLOCK": "#E7E7E7",
                      "BORDER_COLOR": "#E7E7E7",
                      "BUTTON_COLOR": "#9C26B0",
                      "DEFAULT": "#DCDCDC",
                      "DRIBBBLE": "#EA4C89",
                      "ERROR": "#F44336",
                      "FACEBOOK": "#3B5998",
                      "GRADIENT_END": "#AC2688",
                      "GRADIENT_START": "#6B24AA",
                      "GREY": "#898989",
                      "ICON": "#4A4A4A",
                      "INFO": "#00BCD4",
                      "INPUT": "#DCDCDC",
                      "LABEL": "#FE2472",
                      "MUTED": "#979797",
                      "NAVBAR": "#F9F9F9",
                      "NEUTRAL": "rgba(255,255,255, 0.65)",
                      "PLACEHOLDER": "#9FA5AA",
                      "PRICE_COLOR": "#EAD5FB",
                      "PRIMARY": "#9C26B0",
                      "SUCCESS": "#4CAF50",
                      "SWITCH_OFF": "#D4D9DD",
                      "SWITCH_ON": "#9C26B0",
                      "THEME": "#B23AFC",
                      "TRANSPARENT": "transparent",
                      "TWITTER": "#5BC0DE",
                      "WARNING": "#FF9800",
                      "WHITE": "#FFFFFF",
                    },
                    "SIZES": Object {
                      "ANDROID_ELEVATION": 1,
                      "BASE": 16,
                      "BLOCK_SHADOW_OPACITY": 0.15,
                      "BLOCK_SHADOW_RADIUS": 2,
                      "BORDER_RADIUS": 6,
                      "BORDER_WIDTH": 0.8,
                      "BUTTON_HEIGHT": 44,
                      "BUTTON_SHADOW_RADIUS": 10,
                      "BUTTON_WIDTH": 144,
                      "CARD_AVATAR_HEIGHT": 40,
                      "CARD_AVATAR_RADIUS": 20,
                      "CARD_AVATAR_WIDTH": 40,
                      "CARD_BORDER_RADIUS": 6.4,
                      "CARD_BORDER_WIDTH": 0.8,
                      "CARD_FOOTER_HORIZONTAL": 12,
                      "CARD_FOOTER_VERTICAL": 12,
                      "CARD_IMAGE_HEIGHT": 200,
                      "CARD_MARGIN_VERTICAL": 14,
                      "CARD_ROUND": 3,
                      "CARD_ROUNDED": 8,
                      "CARD_WIDTH": 718,
                      "CHECKBOX_HEIGHT": 20,
                      "CHECKBOX_WIDTH": 20,
                      "FONT": 16,
                      "ICON": 16,
                      "INPUT_BORDER_RADIUS": 8,
                      "INPUT_BORDER_WIDTH": 0.8,
                      "INPUT_HEIGHT": 44,
                      "INPUT_HELP_TEXT": 12.8,
                      "INPUT_HORIZONTAL": 16,
                      "INPUT_LABEL_BOTTOM": 4,
                      "INPUT_LABEL_TEXT": 14.4,
                      "INPUT_ROUNDED": 27.2,
                      "INPUT_TEXT": 14,
                      "NAVBAR_HEIGHT": 66,
                      "NAVBAR_LEFT_FLEX": 0.5,
                      "NAVBAR_LEFT_HEIGHT": 93.38000000000001,
                      "NAVBAR_LEFT_MARGIN": 16,
                      "NAVBAR_RIGHT_FLEX": 0.5,
                      "NAVBAR_RIGHT_HEIGHT": 93.38000000000001,
                      "NAVBAR_RIGHT_MARGIN": 16,
                      "NAVBAR_TITLE_FLEX": 2,
                      "NAVBAR_TITLE_HEIGHT": 93.38000000000001,
                      "NAVBAR_TITLE_TEXT": 14,
                      "NAVBAR_VERTICAL": 16,
                      "OPACITY": 0.8,
                      "RADIO_HEIGHT": 24,
                      "RADIO_THICKNESS": 2,
                      "RADIO_WIDTH": 24,
                      "THUMB_SIZE": 25,
                      "TRACK_SIZE": 4,
                    },
                  }
                }
              >
                <Text
                  style={
                    Array [
                      false,
                      false,
                      false,
                      false,
                      false,
                      false,
                      false,
                      undefined,
                      Object {
                        "fontSize": 16,
                      },
                      Object {
                        "color": "white",
                      },
                      false,
                      false,
                      undefined,
                      null,
                    ]
                  }
                >
                  Pro
                </Text>
              </View>
              <Text
                style={
                  Array [
                    false,
                    false,
                    false,
                    false,
                    false,
                    false,
                    Object {
                      "color": "#979797",
                    },
                    undefined,
                    Object {
                      "fontSize": 16,
                    },
                    Object {
                      "color": "white",
                    },
                    false,
                    false,
                    undefined,
                    Object {
                      "marginRight": 8,
                    },
                  ]
                }
              >
                Seller
              </Text>
              <Text
                style={
                  Array [
                    false,
                    false,
                    false,
                    false,
                    false,
                    false,
                    false,
                    undefined,
                    Object {
                      "fontSize": 16,
                    },
                    Object {
                      "color": "#FF9800",
                    },
                    false,
                    false,
                    undefined,
                    null,
                  ]
                }
              >
                4.8 
              </Text>
            </View>
            <View
              style={
                Array [
                  Object {
                    "flexDirection": "column",
                  },
                  false,
                  false,
                  false,
                  false,
                  false,
                  false,
                  false,
                  false,
                  null,
                  false,
                  false,
                  false,
                  null,
                  null,
                  null,
                  undefined,
                ]
              }
              theme={
                Object {
                  "COLORS": Object {
                    "ACTIVE": "#9C26B0",
                    "BLACK": "#000000",
                    "BLOCK": "#E7E7E7",
                    "BORDER_COLOR": "#E7E7E7",
                    "BUTTON_COLOR": "#9C26B0",
                    "DEFAULT": "#DCDCDC",
                    "DRIBBBLE": "#EA4C89",
                    "ERROR": "#F44336",
                    "FACEBOOK": "#3B5998",
                    "GRADIENT_END": "#AC2688",
                    "GRADIENT_START": "#6B24AA",
                    "GREY": "#898989",
                    "ICON": "#4A4A4A",
                    "INFO": "#00BCD4",
                    "INPUT": "#DCDCDC",
                    "LABEL": "#FE2472",
                    "MUTED": "#979797",
                    "NAVBAR": "#F9F9F9",
                    "NEUTRAL": "rgba(255,255,255, 0.65)",
                    "PLACEHOLDER": "#9FA5AA",
                    "PRICE_COLOR": "#EAD5FB",
                    "PRIMARY": "#9C26B0",
                    "SUCCESS": "#4CAF50",
                    "SWITCH_OFF": "#D4D9DD",
                    "SWITCH_ON": "#9C26B0",
                    "THEME": "#B23AFC",
                    "TRANSPARENT": "transparent",
                    "TWITTER": "#5BC0DE",
                    "WARNING": "#FF9800",
                    "WHITE": "#FFFFFF",
                  },
                  "SIZES": Object {
                    "ANDROID_ELEVATION": 1,
                    "BASE": 16,
                    "BLOCK_SHADOW_OPACITY": 0.15,
                    "BLOCK_SHADOW_RADIUS": 2,
                    "BORDER_RADIUS": 6,
                    "BORDER_WIDTH": 0.8,
                    "BUTTON_HEIGHT": 44,
                    "BUTTON_SHADOW_RADIUS": 10,
                    "BUTTON_WIDTH": 144,
                    "CARD_AVATAR_HEIGHT": 40,
                    "CARD_AVATAR_RADIUS": 20,
                    "CARD_AVATAR_WIDTH": 40,
                    "CARD_BORDER_RADIUS": 6.4,
                    "CARD_BORDER_WIDTH": 0.8,
                    "CARD_FOOTER_HORIZONTAL": 12,
                    "CARD_FOOTER_VERTICAL": 12,
                    "CARD_IMAGE_HEIGHT": 200,
                    "CARD_MARGIN_VERTICAL": 14,
                    "CARD_ROUND": 3,
                    "CARD_ROUNDED": 8,
                    "CARD_WIDTH": 718,
                    "CHECKBOX_HEIGHT": 20,
                    "CHECKBOX_WIDTH": 20,
                    "FONT": 16,
                    "ICON": 16,
                    "INPUT_BORDER_RADIUS": 8,
                    "INPUT_BORDER_WIDTH": 0.8,
                    "INPUT_HEIGHT": 44,
                    "INPUT_HELP_TEXT": 12.8,
                    "INPUT_HORIZONTAL": 16,
                    "INPUT_LABEL_BOTTOM": 4,
                    "INPUT_LABEL_TEXT": 14.4,
                    "INPUT_ROUNDED": 27.2,
                    "INPUT_TEXT": 14,
                    "NAVBAR_HEIGHT": 66,
                    "NAVBAR_LEFT_FLEX": 0.5,
                    "NAVBAR_LEFT_HEIGHT": 93.38000000000001,
                    "NAVBAR_LEFT_MARGIN": 16,
                    "NAVBAR_RIGHT_FLEX": 0.5,
                    "NAVBAR_RIGHT_HEIGHT": 93.38000000000001,
                    "NAVBAR_RIGHT_MARGIN": 16,
                    "NAVBAR_TITLE_FLEX": 2,
                    "NAVBAR_TITLE_HEIGHT": 93.38000000000001,
                    "NAVBAR_TITLE_TEXT": 14,
                    "NAVBAR_VERTICAL": 16,
                    "OPACITY": 0.8,
                    "RADIO_HEIGHT": 24,
                    "RADIO_THICKNESS": 2,
                    "RADIO_WIDTH": 24,
                    "THUMB_SIZE": 25,
                    "TRACK_SIZE": 4,
                  },
                }
              }
            >
              <Text
                style={
                  Array [
                    false,
                    false,
                    false,
                    false,
                    false,
                    false,
                    false,
                    undefined,
                    Object {
                      "fontSize": 16,
                    },
                    Object {
                      "color": "#9FA5AA",
                    },
                    false,
                    false,
                    undefined,
                    null,
                  ]
                }
              >
                 
                 Los Angeles, CA
              </Text>
            </View>
          </View>
        </View>
        <ViewManagerAdapter_ExpoLinearGradient
          proxiedProperties={
            Object {
              "colors": Array [
                0,
                4278190080,
              ],
              "endPoint": undefined,
              "locations": undefined,
              "startPoint": undefined,
            }
          }
          style={
            Object {
              "bottom": 0,
              "height": "30%",
              "left": 0,
              "position": "absolute",
              "right": 0,
              "zIndex": 1,
            }
          }
        />
      </View>
    </View>
  </View>
  <View
    style={
      Array [
        Object {
          "flexDirection": "column",
        },
        false,
        Object {
          "flex": 1,
        },
        false,
        false,
        false,
        false,
        false,
        false,
        null,
        false,
        false,
        false,
        null,
        null,
        null,
        Object {
          "backgroundColor": "#FFFFFF",
          "borderTopLeftRadius": 13,
          "borderTopRightRadius": 13,
          "marginHorizontal": 16,
          "marginTop": -112,
          "padding": 16,
          "position": "relative",
          "shadowColor": "black",
          "shadowOffset": Object {
            "height": 0,
            "width": 0,
          },
          "shadowOpacity": 0.2,
          "shadowRadius": 8,
          "zIndex": 2,
        },
      ]
    }
    theme={
      Object {
        "COLORS": Object {
          "ACTIVE": "#9C26B0",
          "BLACK": "#000000",
          "BLOCK": "#E7E7E7",
          "BORDER_COLOR": "#E7E7E7",
          "BUTTON_COLOR": "#9C26B0",
          "DEFAULT": "#DCDCDC",
          "DRIBBBLE": "#EA4C89",
          "ERROR": "#F44336",
          "FACEBOOK": "#3B5998",
          "GRADIENT_END": "#AC2688",
          "GRADIENT_START": "#6B24AA",
          "GREY": "#898989",
          "ICON": "#4A4A4A",
          "INFO": "#00BCD4",
          "INPUT": "#DCDCDC",
          "LABEL": "#FE2472",
          "MUTED": "#979797",
          "NAVBAR": "#F9F9F9",
          "NEUTRAL": "rgba(255,255,255, 0.65)",
          "PLACEHOLDER": "#9FA5AA",
          "PRICE_COLOR": "#EAD5FB",
          "PRIMARY": "#9C26B0",
          "SUCCESS": "#4CAF50",
          "SWITCH_OFF": "#D4D9DD",
          "SWITCH_ON": "#9C26B0",
          "THEME": "#B23AFC",
          "TRANSPARENT": "transparent",
          "TWITTER": "#5BC0DE",
          "WARNING": "#FF9800",
          "WHITE": "#FFFFFF",
        },
        "SIZES": Object {
          "ANDROID_ELEVATION": 1,
          "BASE": 16,
          "BLOCK_SHADOW_OPACITY": 0.15,
          "BLOCK_SHADOW_RADIUS": 2,
          "BORDER_RADIUS": 6,
          "BORDER_WIDTH": 0.8,
          "BUTTON_HEIGHT": 44,
          "BUTTON_SHADOW_RADIUS": 10,
          "BUTTON_WIDTH": 144,
          "CARD_AVATAR_HEIGHT": 40,
          "CARD_AVATAR_RADIUS": 20,
          "CARD_AVATAR_WIDTH": 40,
          "CARD_BORDER_RADIUS": 6.4,
          "CARD_BORDER_WIDTH": 0.8,
          "CARD_FOOTER_HORIZONTAL": 12,
          "CARD_FOOTER_VERTICAL": 12,
          "CARD_IMAGE_HEIGHT": 200,
          "CARD_MARGIN_VERTICAL": 14,
          "CARD_ROUND": 3,
          "CARD_ROUNDED": 8,
          "CARD_WIDTH": 718,
          "CHECKBOX_HEIGHT": 20,
          "CHECKBOX_WIDTH": 20,
          "FONT": 16,
          "ICON": 16,
          "INPUT_BORDER_RADIUS": 8,
          "INPUT_BORDER_WIDTH": 0.8,
          "INPUT_HEIGHT": 44,
          "INPUT_HELP_TEXT": 12.8,
          "INPUT_HORIZONTAL": 16,
          "INPUT_LABEL_BOTTOM": 4,
          "INPUT_LABEL_TEXT": 14.4,
          "INPUT_ROUNDED": 27.2,
          "INPUT_TEXT": 14,
          "NAVBAR_HEIGHT": 66,
          "NAVBAR_LEFT_FLEX": 0.5,
          "NAVBAR_LEFT_HEIGHT": 93.38000000000001,
          "NAVBAR_LEFT_MARGIN": 16,
          "NAVBAR_RIGHT_FLEX": 0.5,
          "NAVBAR_RIGHT_HEIGHT": 93.38000000000001,
          "NAVBAR_RIGHT_MARGIN": 16,
          "NAVBAR_TITLE_FLEX": 2,
          "NAVBAR_TITLE_HEIGHT": 93.38000000000001,
          "NAVBAR_TITLE_TEXT": 14,
          "NAVBAR_VERTICAL": 16,
          "OPACITY": 0.8,
          "RADIO_HEIGHT": 24,
          "RADIO_THICKNESS": 2,
          "RADIO_WIDTH": 24,
          "THUMB_SIZE": 25,
          "TRACK_SIZE": 4,
        },
      }
    }
  >
    <RCTScrollView
      showsVerticalScrollIndicator={false}
    >
      <View>
        <View
          style={
            Array [
              Object {
                "flexDirection": "column",
              },
              Object {
                "flexDirection": "row",
              },
              false,
              false,
              false,
              false,
              false,
              false,
              false,
              Object {
                "justifyContent": "space-between",
              },
              false,
              false,
              false,
              null,
              null,
              null,
              Object {
                "padding": 16,
              },
            ]
          }
          theme={
            Object {
              "COLORS": Object {
                "ACTIVE": "#9C26B0",
                "BLACK": "#000000",
                "BLOCK": "#E7E7E7",
                "BORDER_COLOR": "#E7E7E7",
                "BUTTON_COLOR": "#9C26B0",
                "DEFAULT": "#DCDCDC",
                "DRIBBBLE": "#EA4C89",
                "ERROR": "#F44336",
                "FACEBOOK": "#3B5998",
                "GRADIENT_END": "#AC2688",
                "GRADIENT_START": "#6B24AA",
                "GREY": "#898989",
                "ICON": "#4A4A4A",
                "INFO": "#00BCD4",
                "INPUT": "#DCDCDC",
                "LABEL": "#FE2472",
                "MUTED": "#979797",
                "NAVBAR": "#F9F9F9",
                "NEUTRAL": "rgba(255,255,255, 0.65)",
                "PLACEHOLDER": "#9FA5AA",
                "PRICE_COLOR": "#EAD5FB",
                "PRIMARY": "#9C26B0",
                "SUCCESS": "#4CAF50",
                "SWITCH_OFF": "#D4D9DD",
                "SWITCH_ON": "#9C26B0",
                "THEME": "#B23AFC",
                "TRANSPARENT": "transparent",
                "TWITTER": "#5BC0DE",
                "WARNING": "#FF9800",
                "WHITE": "#FFFFFF",
              },
              "SIZES": Object {
                "ANDROID_ELEVATION": 1,
                "BASE": 16,
                "BLOCK_SHADOW_OPACITY": 0.15,
                "BLOCK_SHADOW_RADIUS": 2,
                "BORDER_RADIUS": 6,
                "BORDER_WIDTH": 0.8,
                "BUTTON_HEIGHT": 44,
                "BUTTON_SHADOW_RADIUS": 10,
                "BUTTON_WIDTH": 144,
                "CARD_AVATAR_HEIGHT": 40,
                "CARD_AVATAR_RADIUS": 20,
                "CARD_AVATAR_WIDTH": 40,
                "CARD_BORDER_RADIUS": 6.4,
                "CARD_BORDER_WIDTH": 0.8,
                "CARD_FOOTER_HORIZONTAL": 12,
                "CARD_FOOTER_VERTICAL": 12,
                "CARD_IMAGE_HEIGHT": 200,
                "CARD_MARGIN_VERTICAL": 14,
                "CARD_ROUND": 3,
                "CARD_ROUNDED": 8,
                "CARD_WIDTH": 718,
                "CHECKBOX_HEIGHT": 20,
                "CHECKBOX_WIDTH": 20,
                "FONT": 16,
                "ICON": 16,
                "INPUT_BORDER_RADIUS": 8,
                "INPUT_BORDER_WIDTH": 0.8,
                "INPUT_HEIGHT": 44,
                "INPUT_HELP_TEXT": 12.8,
                "INPUT_HORIZONTAL": 16,
                "INPUT_LABEL_BOTTOM": 4,
                "INPUT_LABEL_TEXT": 14.4,
                "INPUT_ROUNDED": 27.2,
                "INPUT_TEXT": 14,
                "NAVBAR_HEIGHT": 66,
                "NAVBAR_LEFT_FLEX": 0.5,
                "NAVBAR_LEFT_HEIGHT": 93.38000000000001,
                "NAVBAR_LEFT_MARGIN": 16,
                "NAVBAR_RIGHT_FLEX": 0.5,
                "NAVBAR_RIGHT_HEIGHT": 93.38000000000001,
                "NAVBAR_RIGHT_MARGIN": 16,
                "NAVBAR_TITLE_FLEX": 2,
                "NAVBAR_TITLE_HEIGHT": 93.38000000000001,
                "NAVBAR_TITLE_TEXT": 14,
                "NAVBAR_VERTICAL": 16,
                "OPACITY": 0.8,
                "RADIO_HEIGHT": 24,
                "RADIO_THICKNESS": 2,
                "RADIO_WIDTH": 24,
                "THUMB_SIZE": 25,
                "TRACK_SIZE": 4,
              },
            }
          }
        >
          <View
            style={
              Array [
                Object {
                  "flexDirection": "column",
                },
                false,
                false,
                false,
                Object {
                  "alignItems": "center",
                  "justifyContent": "center",
                },
                false,
                false,
                false,
                false,
                null,
                false,
                false,
                false,
                null,
                null,
                null,
                undefined,
              ]
            }
            theme={
              Object {
                "COLORS": Object {
                  "ACTIVE": "#9C26B0",
                  "BLACK": "#000000",
                  "BLOCK": "#E7E7E7",
                  "BORDER_COLOR": "#E7E7E7",
                  "BUTTON_COLOR": "#9C26B0",
                  "DEFAULT": "#DCDCDC",
                  "DRIBBBLE": "#EA4C89",
                  "ERROR": "#F44336",
                  "FACEBOOK": "#3B5998",
                  "GRADIENT_END": "#AC2688",
                  "GRADIENT_START": "#6B24AA",
                  "GREY": "#898989",
                  "ICON": "#4A4A4A",
                  "INFO": "#00BCD4",
                  "INPUT": "#DCDCDC",
                  "LABEL": "#FE2472",
                  "MUTED": "#979797",
                  "NAVBAR": "#F9F9F9",
                  "NEUTRAL": "rgba(255,255,255, 0.65)",
                  "PLACEHOLDER": "#9FA5AA",
                  "PRICE_COLOR": "#EAD5FB",
                  "PRIMARY": "#9C26B0",
                  "SUCCESS": "#4CAF50",
                  "SWITCH_OFF": "#D4D9DD",
                  "SWITCH_ON": "#9C26B0",
                  "THEME": "#B23AFC",
                  "TRANSPARENT": "transparent",
                  "TWITTER": "#5BC0DE",
                  "WARNING": "#FF9800",
                  "WHITE": "#FFFFFF",
                },
                "SIZES": Object {
                  "ANDROID_ELEVATION": 1,
                  "BASE": 16,
                  "BLOCK_SHADOW_OPACITY": 0.15,
                  "BLOCK_SHADOW_RADIUS": 2,
                  "BORDER_RADIUS": 6,
                  "BORDER_WIDTH": 0.8,
                  "BUTTON_HEIGHT": 44,
                  "BUTTON_SHADOW_RADIUS": 10,
                  "BUTTON_WIDTH": 144,
                  "CARD_AVATAR_HEIGHT": 40,
                  "CARD_AVATAR_RADIUS": 20,
                  "CARD_AVATAR_WIDTH": 40,
                  "CARD_BORDER_RADIUS": 6.4,
                  "CARD_BORDER_WIDTH": 0.8,
                  "CARD_FOOTER_HORIZONTAL": 12,
                  "CARD_FOOTER_VERTICAL": 12,
                  "CARD_IMAGE_HEIGHT": 200,
                  "CARD_MARGIN_VERTICAL": 14,
                  "CARD_ROUND": 3,
                  "CARD_ROUNDED": 8,
                  "CARD_WIDTH": 718,
                  "CHECKBOX_HEIGHT": 20,
                  "CHECKBOX_WIDTH": 20,
                  "FONT": 16,
                  "ICON": 16,
                  "INPUT_BORDER_RADIUS": 8,
                  "INPUT_BORDER_WIDTH": 0.8,
                  "INPUT_HEIGHT": 44,
                  "INPUT_HELP_TEXT": 12.8,
                  "INPUT_HORIZONTAL": 16,
                  "INPUT_LABEL_BOTTOM": 4,
                  "INPUT_LABEL_TEXT": 14.4,
                  "INPUT_ROUNDED": 27.2,
                  "INPUT_TEXT": 14,
                  "NAVBAR_HEIGHT": 66,
                  "NAVBAR_LEFT_FLEX": 0.5,
                  "NAVBAR_LEFT_HEIGHT": 93.38000000000001,
                  "NAVBAR_LEFT_MARGIN": 16,
                  "NAVBAR_RIGHT_FLEX": 0.5,
                  "NAVBAR_RIGHT_HEIGHT": 93.38000000000001,
                  "NAVBAR_RIGHT_MARGIN": 16,
                  "NAVBAR_TITLE_FLEX": 2,
                  "NAVBAR_TITLE_HEIGHT": 93.38000000000001,
                  "NAVBAR_TITLE_TEXT": 14,
                  "NAVBAR_VERTICAL": 16,
                  "OPACITY": 0.8,
                  "RADIO_HEIGHT": 24,
                  "RADIO_THICKNESS": 2,
                  "RADIO_WIDTH": 24,
                  "THUMB_SIZE": 25,
                  "TRACK_SIZE": 4,
                },
              }
            }
          >
            <Text
              style={
                Array [
                  false,
                  false,
                  false,
                  false,
                  false,
                  false,
                  false,
                  undefined,
                  Object {
                    "fontSize": 12,
                  },
                  null,
                  false,
                  Object {
                    "fontWeight": "bold",
                  },
                  undefined,
                  Object {
                    "marginBottom": 8,
                  },
                ]
              }
            >
              36
            </Text>
            <Text
              style={
                Array [
                  false,
                  false,
                  false,
                  false,
                  false,
                  false,
                  Object {
                    "color": "#979797",
                  },
                  undefined,
                  Object {
                    "fontSize": 12,
                  },
                  null,
                  false,
                  false,
                  undefined,
                  null,
                ]
              }
            >
              Orders
            </Text>
          </View>
          <View
            style={
              Array [
                Object {
                  "flexDirection": "column",
                },
                false,
                false,
                false,
                Object {
                  "alignItems": "center",
                  "justifyContent": "center",
                },
                false,
                false,
                false,
                false,
                null,
                false,
                false,
                false,
                null,
                null,
                null,
                undefined,
              ]
            }
            theme={
              Object {
                "COLORS": Object {
                  "ACTIVE": "#9C26B0",
                  "BLACK": "#000000",
                  "BLOCK": "#E7E7E7",
                  "BORDER_COLOR": "#E7E7E7",
                  "BUTTON_COLOR": "#9C26B0",
                  "DEFAULT": "#DCDCDC",
                  "DRIBBBLE": "#EA4C89",
                  "ERROR": "#F44336",
                  "FACEBOOK": "#3B5998",
                  "GRADIENT_END": "#AC2688",
                  "GRADIENT_START": "#6B24AA",
                  "GREY": "#898989",
                  "ICON": "#4A4A4A",
                  "INFO": "#00BCD4",
                  "INPUT": "#DCDCDC",
                  "LABEL": "#FE2472",
                  "MUTED": "#979797",
                  "NAVBAR": "#F9F9F9",
                  "NEUTRAL": "rgba(255,255,255, 0.65)",
                  "PLACEHOLDER": "#9FA5AA",
                  "PRICE_COLOR": "#EAD5FB",
                  "PRIMARY": "#9C26B0",
                  "SUCCESS": "#4CAF50",
                  "SWITCH_OFF": "#D4D9DD",
                  "SWITCH_ON": "#9C26B0",
                  "THEME": "#B23AFC",
                  "TRANSPARENT": "transparent",
                  "TWITTER": "#5BC0DE",
                  "WARNING": "#FF9800",
                  "WHITE": "#FFFFFF",
                },
                "SIZES": Object {
                  "ANDROID_ELEVATION": 1,
                  "BASE": 16,
                  "BLOCK_SHADOW_OPACITY": 0.15,
                  "BLOCK_SHADOW_RADIUS": 2,
                  "BORDER_RADIUS": 6,
                  "BORDER_WIDTH": 0.8,
                  "BUTTON_HEIGHT": 44,
                  "BUTTON_SHADOW_RADIUS": 10,
                  "BUTTON_WIDTH": 144,
                  "CARD_AVATAR_HEIGHT": 40,
                  "CARD_AVATAR_RADIUS": 20,
                  "CARD_AVATAR_WIDTH": 40,
                  "CARD_BORDER_RADIUS": 6.4,
                  "CARD_BORDER_WIDTH": 0.8,
                  "CARD_FOOTER_HORIZONTAL": 12,
                  "CARD_FOOTER_VERTICAL": 12,
                  "CARD_IMAGE_HEIGHT": 200,
                  "CARD_MARGIN_VERTICAL": 14,
                  "CARD_ROUND": 3,
                  "CARD_ROUNDED": 8,
                  "CARD_WIDTH": 718,
                  "CHECKBOX_HEIGHT": 20,
                  "CHECKBOX_WIDTH": 20,
                  "FONT": 16,
                  "ICON": 16,
                  "INPUT_BORDER_RADIUS": 8,
                  "INPUT_BORDER_WIDTH": 0.8,
                  "INPUT_HEIGHT": 44,
                  "INPUT_HELP_TEXT": 12.8,
                  "INPUT_HORIZONTAL": 16,
                  "INPUT_LABEL_BOTTOM": 4,
                  "INPUT_LABEL_TEXT": 14.4,
                  "INPUT_ROUNDED": 27.2,
                  "INPUT_TEXT": 14,
                  "NAVBAR_HEIGHT": 66,
                  "NAVBAR_LEFT_FLEX": 0.5,
                  "NAVBAR_LEFT_HEIGHT": 93.38000000000001,
                  "NAVBAR_LEFT_MARGIN": 16,
                  "NAVBAR_RIGHT_FLEX": 0.5,
                  "NAVBAR_RIGHT_HEIGHT": 93.38000000000001,
                  "NAVBAR_RIGHT_MARGIN": 16,
                  "NAVBAR_TITLE_FLEX": 2,
                  "NAVBAR_TITLE_HEIGHT": 93.38000000000001,
                  "NAVBAR_TITLE_TEXT": 14,
                  "NAVBAR_VERTICAL": 16,
                  "OPACITY": 0.8,
                  "RADIO_HEIGHT": 24,
                  "RADIO_THICKNESS": 2,
                  "RADIO_WIDTH": 24,
                  "THUMB_SIZE": 25,
                  "TRACK_SIZE": 4,
                },
              }
            }
          >
            <Text
              style={
                Array [
                  false,
                  false,
                  false,
                  false,
                  false,
                  false,
                  false,
                  undefined,
                  Object {
                    "fontSize": 12,
                  },
                  null,
                  false,
                  Object {
                    "fontWeight": "bold",
                  },
                  undefined,
                  Object {
                    "marginBottom": 8,
                  },
                ]
              }
            >
              5
            </Text>
            <Text
              style={
                Array [
                  false,
                  false,
                  false,
                  false,
                  false,
                  false,
                  Object {
                    "color": "#979797",
                  },
                  undefined,
                  Object {
                    "fontSize": 12,
                  },
                  null,
                  false,
                  false,
                  undefined,
                  null,
                ]
              }
            >
              Bids & Offers
            </Text>
          </View>
          <View
            style={
              Array [
                Object {
                  "flexDirection": "column",
                },
                false,
                false,
                false,
                Object {
                  "alignItems": "center",
                  "justifyContent": "center",
                },
                false,
                false,
                false,
                false,
                null,
                false,
                false,
                false,
                null,
                null,
                null,
                undefined,
              ]
            }
            theme={
              Object {
                "COLORS": Object {
                  "ACTIVE": "#9C26B0",
                  "BLACK": "#000000",
                  "BLOCK": "#E7E7E7",
                  "BORDER_COLOR": "#E7E7E7",
                  "BUTTON_COLOR": "#9C26B0",
                  "DEFAULT": "#DCDCDC",
                  "DRIBBBLE": "#EA4C89",
                  "ERROR": "#F44336",
                  "FACEBOOK": "#3B5998",
                  "GRADIENT_END": "#AC2688",
                  "GRADIENT_START": "#6B24AA",
                  "GREY": "#898989",
                  "ICON": "#4A4A4A",
                  "INFO": "#00BCD4",
                  "INPUT": "#DCDCDC",
                  "LABEL": "#FE2472",
                  "MUTED": "#979797",
                  "NAVBAR": "#F9F9F9",
                  "NEUTRAL": "rgba(255,255,255, 0.65)",
                  "PLACEHOLDER": "#9FA5AA",
                  "PRICE_COLOR": "#EAD5FB",
                  "PRIMARY": "#9C26B0",
                  "SUCCESS": "#4CAF50",
                  "SWITCH_OFF": "#D4D9DD",
                  "SWITCH_ON": "#9C26B0",
                  "THEME": "#B23AFC",
                  "TRANSPARENT": "transparent",
                  "TWITTER": "#5BC0DE",
                  "WARNING": "#FF9800",
                  "WHITE": "#FFFFFF",
                },
                "SIZES": Object {
                  "ANDROID_ELEVATION": 1,
                  "BASE": 16,
                  "BLOCK_SHADOW_OPACITY": 0.15,
                  "BLOCK_SHADOW_RADIUS": 2,
                  "BORDER_RADIUS": 6,
                  "BORDER_WIDTH": 0.8,
                  "BUTTON_HEIGHT": 44,
                  "BUTTON_SHADOW_RADIUS": 10,
                  "BUTTON_WIDTH": 144,
                  "CARD_AVATAR_HEIGHT": 40,
                  "CARD_AVATAR_RADIUS": 20,
                  "CARD_AVATAR_WIDTH": 40,
                  "CARD_BORDER_RADIUS": 6.4,
                  "CARD_BORDER_WIDTH": 0.8,
                  "CARD_FOOTER_HORIZONTAL": 12,
                  "CARD_FOOTER_VERTICAL": 12,
                  "CARD_IMAGE_HEIGHT": 200,
                  "CARD_MARGIN_VERTICAL": 14,
                  "CARD_ROUND": 3,
                  "CARD_ROUNDED": 8,
                  "CARD_WIDTH": 718,
                  "CHECKBOX_HEIGHT": 20,
                  "CHECKBOX_WIDTH": 20,
                  "FONT": 16,
                  "ICON": 16,
                  "INPUT_BORDER_RADIUS": 8,
                  "INPUT_BORDER_WIDTH": 0.8,
                  "INPUT_HEIGHT": 44,
                  "INPUT_HELP_TEXT": 12.8,
                  "INPUT_HORIZONTAL": 16,
                  "INPUT_LABEL_BOTTOM": 4,
                  "INPUT_LABEL_TEXT": 14.4,
                  "INPUT_ROUNDED": 27.2,
                  "INPUT_TEXT": 14,
                  "NAVBAR_HEIGHT": 66,
                  "NAVBAR_LEFT_FLEX": 0.5,
                  "NAVBAR_LEFT_HEIGHT": 93.38000000000001,
                  "NAVBAR_LEFT_MARGIN": 16,
                  "NAVBAR_RIGHT_FLEX": 0.5,
                  "NAVBAR_RIGHT_HEIGHT": 93.38000000000001,
                  "NAVBAR_RIGHT_MARGIN": 16,
                  "NAVBAR_TITLE_FLEX": 2,
                  "NAVBAR_TITLE_HEIGHT": 93.38000000000001,
                  "NAVBAR_TITLE_TEXT": 14,
                  "NAVBAR_VERTICAL": 16,
                  "OPACITY": 0.8,
                  "RADIO_HEIGHT": 24,
                  "RADIO_THICKNESS": 2,
                  "RADIO_WIDTH": 24,
                  "THUMB_SIZE": 25,
                  "TRACK_SIZE": 4,
                },
              }
            }
          >
            <Text
              style={
                Array [
                  false,
                  false,
                  false,
                  false,
                  false,
                  false,
                  false,
                  undefined,
                  Object {
                    "fontSize": 12,
                  },
                  null,
                  false,
                  Object {
                    "fontWeight": "bold",
                  },
                  undefined,
                  Object {
                    "marginBottom": 8,
                  },
                ]
              }
            >
              2
            </Text>
            <Text
              style={
                Array [
                  false,
                  false,
                  false,
                  false,
                  false,
                  false,
                  Object {
                    "color": "#979797",
                  },
                  undefined,
                  Object {
                    "fontSize": 12,
                  },
                  null,
                  false,
                  false,
                  undefined,
                  null,
                ]
              }
            >
              Messages
            </Text>
          </View>
        </View>
        <View
          style={
            Array [
              Object {
                "flexDirection": "column",
              },
              Object {
                "flexDirection": "row",
              },
              false,
              false,
              false,
              false,
              false,
              false,
              false,
              Object {
                "justifyContent": "space-between",
              },
              false,
              false,
              false,
              null,
              null,
              null,
              Object {
                "alignItems": "baseline",
                "paddingVertical": 16,
              },
            ]
          }
          theme={
            Object {
              "COLORS": Object {
                "ACTIVE": "#9C26B0",
                "BLACK": "#000000",
                "BLOCK": "#E7E7E7",
                "BORDER_COLOR": "#E7E7E7",
                "BUTTON_COLOR": "#9C26B0",
                "DEFAULT": "#DCDCDC",
                "DRIBBBLE": "#EA4C89",
                "ERROR": "#F44336",
                "FACEBOOK": "#3B5998",
                "GRADIENT_END": "#AC2688",
                "GRADIENT_START": "#6B24AA",
                "GREY": "#898989",
                "ICON": "#4A4A4A",
                "INFO": "#00BCD4",
                "INPUT": "#DCDCDC",
                "LABEL": "#FE2472",
                "MUTED": "#979797",
                "NAVBAR": "#F9F9F9",
                "NEUTRAL": "rgba(255,255,255, 0.65)",
                "PLACEHOLDER": "#9FA5AA",
                "PRICE_COLOR": "#EAD5FB",
                "PRIMARY": "#9C26B0",
                "SUCCESS": "#4CAF50",
                "SWITCH_OFF": "#D4D9DD",
                "SWITCH_ON": "#9C26B0",
                "THEME": "#B23AFC",
                "TRANSPARENT": "transparent",
                "TWITTER": "#5BC0DE",
                "WARNING": "#FF9800",
                "WHITE": "#FFFFFF",
              },
              "SIZES": Object {
                "ANDROID_ELEVATION": 1,
                "BASE": 16,
                "BLOCK_SHADOW_OPACITY": 0.15,
                "BLOCK_SHADOW_RADIUS": 2,
                "BORDER_RADIUS": 6,
                "BORDER_WIDTH": 0.8,
                "BUTTON_HEIGHT": 44,
                "BUTTON_SHADOW_RADIUS": 10,
                "BUTTON_WIDTH": 144,
                "CARD_AVATAR_HEIGHT": 40,
                "CARD_AVATAR_RADIUS": 20,
                "CARD_AVATAR_WIDTH": 40,
                "CARD_BORDER_RADIUS": 6.4,
                "CARD_BORDER_WIDTH": 0.8,
                "CARD_FOOTER_HORIZONTAL": 12,
                "CARD_FOOTER_VERTICAL": 12,
                "CARD_IMAGE_HEIGHT": 200,
                "CARD_MARGIN_VERTICAL": 14,
                "CARD_ROUND": 3,
                "CARD_ROUNDED": 8,
                "CARD_WIDTH": 718,
                "CHECKBOX_HEIGHT": 20,
                "CHECKBOX_WIDTH": 20,
                "FONT": 16,
                "ICON": 16,
                "INPUT_BORDER_RADIUS": 8,
                "INPUT_BORDER_WIDTH": 0.8,
                "INPUT_HEIGHT": 44,
                "INPUT_HELP_TEXT": 12.8,
                "INPUT_HORIZONTAL": 16,
                "INPUT_LABEL_BOTTOM": 4,
                "INPUT_LABEL_TEXT": 14.4,
                "INPUT_ROUNDED": 27.2,
                "INPUT_TEXT": 14,
                "NAVBAR_HEIGHT": 66,
                "NAVBAR_LEFT_FLEX": 0.5,
                "NAVBAR_LEFT_HEIGHT": 93.38000000000001,
                "NAVBAR_LEFT_MARGIN": 16,
                "NAVBAR_RIGHT_FLEX": 0.5,
                "NAVBAR_RIGHT_HEIGHT": 93.38000000000001,
                "NAVBAR_RIGHT_MARGIN": 16,
                "NAVBAR_TITLE_FLEX": 2,
                "NAVBAR_TITLE_HEIGHT": 93.38000000000001,
                "NAVBAR_TITLE_TEXT": 14,
                "NAVBAR_VERTICAL": 16,
                "OPACITY": 0.8,
                "RADIO_HEIGHT": 24,
                "RADIO_THICKNESS": 2,
                "RADIO_WIDTH": 24,
                "THUMB_SIZE": 25,
                "TRACK_SIZE": 4,
              },
            }
          }
        >
          <Text
            style={
              Array [
                false,
                false,
                false,
                false,
                false,
                false,
                false,
                undefined,
                Object {
                  "fontSize": 16,
                },
                null,
                false,
                false,
                undefined,
                null,
              ]
            }
          >
            Recently viewed
          </Text>
          <Text
            onPress={[Function]}
            style={
              Array [
                false,
                false,
                false,
                false,
                false,
                false,
                false,
                undefined,
                Object {
                  "fontSize": 12,
                },
                Object {
                  "color": "#B23AFC",
                },
                false,
                false,
                undefined,
                null,
              ]
            }
          >
            View All
          </Text>
        </View>
        <View
          style={
            Array [
              Object {
                "flexDirection": "column",
              },
              false,
              false,
              false,
              false,
              false,
              false,
              false,
              false,
              null,
              false,
              false,
              false,
              null,
              null,
              null,
              Object {
                "paddingBottom": -196,
              },
            ]
          }
          theme={
            Object {
              "COLORS": Object {
                "ACTIVE": "#9C26B0",
                "BLACK": "#000000",
                "BLOCK": "#E7E7E7",
                "BORDER_COLOR": "#E7E7E7",
                "BUTTON_COLOR": "#9C26B0",
                "DEFAULT": "#DCDCDC",
                "DRIBBBLE": "#EA4C89",
                "ERROR": "#F44336",
                "FACEBOOK": "#3B5998",
                "GRADIENT_END": "#AC2688",
                "GRADIENT_START": "#6B24AA",
                "GREY": "#898989",
                "ICON": "#4A4A4A",
                "INFO": "#00BCD4",
                "INPUT": "#DCDCDC",
                "LABEL": "#FE2472",
                "MUTED": "#979797",
                "NAVBAR": "#F9F9F9",
                "NEUTRAL": "rgba(255,255,255, 0.65)",
                "PLACEHOLDER": "#9FA5AA",
                "PRICE_COLOR": "#EAD5FB",
                "PRIMARY": "#9C26B0",
                "SUCCESS": "#4CAF50",
                "SWITCH_OFF": "#D4D9DD",
                "SWITCH_ON": "#9C26B0",
                "THEME": "#B23AFC",
                "TRANSPARENT": "transparent",
                "TWITTER": "#5BC0DE",
                "WARNING": "#FF9800",
                "WHITE": "#FFFFFF",
              },
              "SIZES": Object {
                "ANDROID_ELEVATION": 1,
                "BASE": 16,
                "BLOCK_SHADOW_OPACITY": 0.15,
                "BLOCK_SHADOW_RADIUS": 2,
                "BORDER_RADIUS": 6,
                "BORDER_WIDTH": 0.8,
                "BUTTON_HEIGHT": 44,
                "BUTTON_SHADOW_RADIUS": 10,
                "BUTTON_WIDTH": 144,
                "CARD_AVATAR_HEIGHT": 40,
                "CARD_AVATAR_RADIUS": 20,
                "CARD_AVATAR_WIDTH": 40,
                "CARD_BORDER_RADIUS": 6.4,
                "CARD_BORDER_WIDTH": 0.8,
                "CARD_FOOTER_HORIZONTAL": 12,
                "CARD_FOOTER_VERTICAL": 12,
                "CARD_IMAGE_HEIGHT": 200,
                "CARD_MARGIN_VERTICAL": 14,
                "CARD_ROUND": 3,
                "CARD_ROUNDED": 8,
                "CARD_WIDTH": 718,
                "CHECKBOX_HEIGHT": 20,
                "CHECKBOX_WIDTH": 20,
                "FONT": 16,
                "ICON": 16,
                "INPUT_BORDER_RADIUS": 8,
                "INPUT_BORDER_WIDTH": 0.8,
                "INPUT_HEIGHT": 44,
                "INPUT_HELP_TEXT": 12.8,
                "INPUT_HORIZONTAL": 16,
                "INPUT_LABEL_BOTTOM": 4,
                "INPUT_LABEL_TEXT": 14.4,
                "INPUT_ROUNDED": 27.2,
                "INPUT_TEXT": 14,
                "NAVBAR_HEIGHT": 66,
                "NAVBAR_LEFT_FLEX": 0.5,
                "NAVBAR_LEFT_HEIGHT": 93.38000000000001,
                "NAVBAR_LEFT_MARGIN": 16,
                "NAVBAR_RIGHT_FLEX": 0.5,
                "NAVBAR_RIGHT_HEIGHT": 93.38000000000001,
                "NAVBAR_RIGHT_MARGIN": 16,
                "NAVBAR_TITLE_FLEX": 2,
                "NAVBAR_TITLE_HEIGHT": 93.38000000000001,
                "NAVBAR_TITLE_TEXT": 14,
                "NAVBAR_VERTICAL": 16,
                "OPACITY": 0.8,
                "RADIO_HEIGHT": 24,
                "RADIO_THICKNESS": 2,
                "RADIO_WIDTH": 24,
                "THUMB_SIZE": 25,
                "TRACK_SIZE": 4,
              },
            }
          }
        >
          <View
            style={
              Array [
                Object {
                  "flexDirection": "column",
                },
                Object {
                  "flexDirection": "row",
                },
                false,
                false,
                false,
                false,
                false,
                false,
                false,
                Object {
                  "justifyContent": "space-between",
                },
                false,
                false,
                false,
                null,
                null,
                null,
                Object {
                  "flexWrap": "wrap",
                },
              ]
            }
            theme={
              Object {
                "COLORS": Object {
                  "ACTIVE": "#9C26B0",
                  "BLACK": "#000000",
                  "BLOCK": "#E7E7E7",
                  "BORDER_COLOR": "#E7E7E7",
                  "BUTTON_COLOR": "#9C26B0",
                  "DEFAULT": "#DCDCDC",
                  "DRIBBBLE": "#EA4C89",
                  "ERROR": "#F44336",
                  "FACEBOOK": "#3B5998",
                  "GRADIENT_END": "#AC2688",
                  "GRADIENT_START": "#6B24AA",
                  "GREY": "#898989",
                  "ICON": "#4A4A4A",
                  "INFO": "#00BCD4",
                  "INPUT": "#DCDCDC",
                  "LABEL": "#FE2472",
                  "MUTED": "#979797",
                  "NAVBAR": "#F9F9F9",
                  "NEUTRAL": "rgba(255,255,255, 0.65)",
                  "PLACEHOLDER": "#9FA5AA",
                  "PRICE_COLOR": "#EAD5FB",
                  "PRIMARY": "#9C26B0",
                  "SUCCESS": "#4CAF50",
                  "SWITCH_OFF": "#D4D9DD",
                  "SWITCH_ON": "#9C26B0",
                  "THEME": "#B23AFC",
                  "TRANSPARENT": "transparent",
                  "TWITTER": "#5BC0DE",
                  "WARNING": "#FF9800",
                  "WHITE": "#FFFFFF",
                },
                "SIZES": Object {
                  "ANDROID_ELEVATION": 1,
                  "BASE": 16,
                  "BLOCK_SHADOW_OPACITY": 0.15,
                  "BLOCK_SHADOW_RADIUS": 2,
                  "BORDER_RADIUS": 6,
                  "BORDER_WIDTH": 0.8,
                  "BUTTON_HEIGHT": 44,
                  "BUTTON_SHADOW_RADIUS": 10,
                  "BUTTON_WIDTH": 144,
                  "CARD_AVATAR_HEIGHT": 40,
                  "CARD_AVATAR_RADIUS": 20,
                  "CARD_AVATAR_WIDTH": 40,
                  "CARD_BORDER_RADIUS": 6.4,
                  "CARD_BORDER_WIDTH": 0.8,
                  "CARD_FOOTER_HORIZONTAL": 12,
                  "CARD_FOOTER_VERTICAL": 12,
                  "CARD_IMAGE_HEIGHT": 200,
                  "CARD_MARGIN_VERTICAL": 14,
                  "CARD_ROUND": 3,
                  "CARD_ROUNDED": 8,
                  "CARD_WIDTH": 718,
                  "CHECKBOX_HEIGHT": 20,
                  "CHECKBOX_WIDTH": 20,
                  "FONT": 16,
                  "ICON": 16,
                  "INPUT_BORDER_RADIUS": 8,
                  "INPUT_BORDER_WIDTH": 0.8,
                  "INPUT_HEIGHT": 44,
                  "INPUT_HELP_TEXT": 12.8,
                  "INPUT_HORIZONTAL": 16,
                  "INPUT_LABEL_BOTTOM": 4,
                  "INPUT_LABEL_TEXT": 14.4,
                  "INPUT_ROUNDED": 27.2,
                  "INPUT_TEXT": 14,
                  "NAVBAR_HEIGHT": 66,
                  "NAVBAR_LEFT_FLEX": 0.5,
                  "NAVBAR_LEFT_HEIGHT": 93.38000000000001,
                  "NAVBAR_LEFT_MARGIN": 16,
                  "NAVBAR_RIGHT_FLEX": 0.5,
                  "NAVBAR_RIGHT_HEIGHT": 93.38000000000001,
                  "NAVBAR_RIGHT_MARGIN": 16,
                  "NAVBAR_TITLE_FLEX": 2,
                  "NAVBAR_TITLE_HEIGHT": 93.38000000000001,
                  "NAVBAR_TITLE_TEXT": 14,
                  "NAVBAR_VERTICAL": 16,
                  "OPACITY": 0.8,
                  "RADIO_HEIGHT": 24,
                  "RADIO_THICKNESS": 2,
                  "RADIO_WIDTH": 24,
                  "THUMB_SIZE": 25,
                  "TRACK_SIZE": 4,
                },
              }
            }
          >
            <Image
              resizeMode="cover"
              source={
                Object {
                  "uri": "https://images.unsplash.com/photo-1508264443919-15a31e1d9c1a?fit=crop&w=240&q=80",
                }
              }
              style={
                Object {
                  "alignSelf": "center",
                  "borderRadius": 4,
                  "height": 223.33333333333334,
                  "marginVertical": 4,
                  "width": 223.33333333333334,
                }
              }
            />
            <Image
              resizeMode="cover"
              source={
                Object {
                  "uri": "https://images.unsplash.com/photo-1497034825429-c343d7c6a68f?fit=crop&w=240&q=80",
                }
              }
              style={
                Object {
                  "alignSelf": "center",
                  "borderRadius": 4,
                  "height": 223.33333333333334,
                  "marginVertical": 4,
                  "width": 223.33333333333334,
                }
              }
            />
            <Image
              resizeMode="cover"
              source={
                Object {
                  "uri": "https://images.unsplash.com/photo-1487376480913-24046456a727?fit=crop&w=240&q=80",
                }
              }
              style={
                Object {
                  "alignSelf": "center",
                  "borderRadius": 4,
                  "height": 223.33333333333334,
                  "marginVertical": 4,
                  "width": 223.33333333333334,
                }
              }
            />
            <Image
              resizeMode="cover"
              source={
                Object {
                  "uri": "https://images.unsplash.com/photo-1494894194458-0174142560c0?fit=crop&w=240&q=80",
                }
              }
              style={
                Object {
                  "alignSelf": "center",
                  "borderRadius": 4,
                  "height": 223.33333333333334,
                  "marginVertical": 4,
                  "width": 223.33333333333334,
                }
              }
            />
            <Image
              resizeMode="cover"
              source={
                Object {
                  "uri": "https://images.unsplash.com/photo-1500462918059-b1a0cb512f1d?fit=crop&w=240&q=80",
                }
              }
              style={
                Object {
                  "alignSelf": "center",
                  "borderRadius": 4,
                  "height": 223.33333333333334,
                  "marginVertical": 4,
                  "width": 223.33333333333334,
                }
              }
            />
            <Image
              resizeMode="cover"
              source={
                Object {
                  "uri": "https://images.unsplash.com/photo-1542068829-1115f7259450?fit=crop&w=240&q=80",
                }
              }
              style={
                Object {
                  "alignSelf": "center",
                  "borderRadius": 4,
                  "height": 223.33333333333334,
                  "marginVertical": 4,
                  "width": 223.33333333333334,
                }
              }
            />
          </View>
        </View>
      </View>
    </RCTScrollView>
  </View>
</View>
`;
